
Running Gradle task 'bundleRelease'...                          
flutter : lib/views/settings/settings_view
.dart:178:23: Error: Can't find ']' to mat
ch '['.
At line:1 char:1
+ flutter build appbundle --release > buil
d_output.txt 2>&1
+ ~~~~~~~~~~~~~~~~~~~~~~~~~~~~~~~~~~~~~~~~
~~~~~~~~~~~~~~~~~
    + CategoryInfo          : NotSpecifie 
   d: (lib/views/setti...' to match '['.  
  :String) [], RemoteException
    + FullyQualifiedErrorId : NativeComma 
   ndError
 
            children: [
                      ^
Target kernel_snapshot_program failed: Exc
eption


FAILURE: Build failed with an exception.

* What went wrong:
Execution failed for task ':app:compileFlu
tterBuildRelease'.
> Process 'command 'C:\src\flutter\bin\flu
tter.bat'' finished with non-zero exit val
ue 1

* Try:
> Run with --stacktrace option to get the 
stack trace.
> Run with --info or --debug option to get
 more log output.
> Run with --scan to get full insights.
> Get more help at https://help.gradle.org
.

BU´┐¢LD FAILED in 18s
Running Gradle task 'bundleRelease'...                             18,8s
Gradle task bundleRelease failed with exit
 code 1
